// Vitest Snapshot v1, https://vitest.dev/guide/snapshot.html

exports[`worldgen parity: materialize(generateChunkData) === legacy generateChunk > data layer is deterministic for a fixed seed (golden checksum) 1`] = `
{
  "chunkSize": 16,
  "decorCount": 95,
  "entityCount": 21,
  "kinds": {
    "breakableWall": 5,
    "lamp": 14,
    "zombie": 2,
  },
  "tilesLen": 256,
  "wallCount": 95,
}
`;
